<html>
<body>
<pre>
<h1>µVision Build Log</h1>
<h2>Tool Versions:</h2>
IDE-Version: µVision V5.38.0.0
Copyright (C) 2022 ARM Ltd and ARM Germany GmbH. All rights reserved.
License Information: Md. Sadmin Tahmid Khan, University of Dhaka, LIC=----
 
Tool Versions:
Toolchain:       MDK-Lite  Version: 5.38.0.0
Toolchain Path:  C:\Keil_v5\ARM\ARMCLANG\Bin
C Compiler:      ArmClang.exe V6.19
Assembler:       Armasm.exe V6.19
Linker/Locator:  ArmLink.exe V6.19
Library Manager: ArmAr.exe V6.19
Hex Converter:   FromElf.exe V6.19
CPU DLL:         SARMCM3.DLL V5.38.0.0
Dialog DLL:      DCM.DLL V1.17.5.0
Target DLL:      STLink\ST-LINKIII-KEIL_SWO.dll V3.1.0.0
Dialog DLL:      TCM.DLL V1.56.4.0
 
<h2>Project:</h2>
E:\STM projects\Traffic Simulation\Traffic Simulation.uvprojx
Project File Date:  02/02/2023

<h2>Output:</h2>
*** Using Compiler 'V6.19', folder: 'C:\Keil_v5\ARM\ARMCLANG\Bin'
Build target 'Target 1'
main.c(2): warning: In file included from...
./CLOCK.h(9): warning: // comments are not allowed in this language [-Wcomment]
#define PLL_P 0 //0 to the sixteenth position (PLL=2)
                ^
main.c(5): warning: In file included from...
./USART.h(18): warning: // comments are not allowed in this language [-Wcomment]
// USART 2 Configuration
^
main.c(22): warning: no previous extern declaration for non-static variable 'normal' [-Wmissing-variable-declarations]
traffic normal = {18000, 6000, 24000};
        ^
main.c(22): note: declare 'static' if the variable is not intended to be used outside of this translation unit
traffic normal = {18000, 6000, 24000};
^
main.c(23): warning: no previous extern declaration for non-static variable 'delayed' [-Wmissing-variable-declarations]
traffic delayed = {24000, 6000, 30000};
        ^
main.c(23): note: declare 'static' if the variable is not intended to be used outside of this translation unit
traffic delayed = {24000, 6000, 30000};
^
main.c(26): warning: padding size of 'PortPin' with 2 bytes to alignment boundary [-Wpadded]
typedef struct
        ^
main.c(32): warning: no previous extern declaration for non-static variable 'white2' [-Wmissing-variable-declarations]
PortPin white2[2][3] = {{{A, 12}, {A, 11}, {B, 0}}, {{A, 8}, {A, 9}, {A, 10}}};
        ^
main.c(32): note: declare 'static' if the variable is not intended to be used outside of this translation unit
PortPin white2[2][3] = {{{A, 12}, {A, 11}, {B, 0}}, {{A, 8}, {A, 9}, {A, 10}}};
^
main.c(33): warning: no previous extern declaration for non-static variable 'white' [-Wmissing-variable-declarations]
PortPin white[2][3] = {{{B, 1}, {B, 2}, {B, 5}}, {{B, 8}, {B, 7}, {B, 6}}};
        ^
main.c(33): note: declare 'static' if the variable is not intended to be used outside of this translation unit
PortPin white[2][3] = {{{B, 1}, {B, 2}, {B, 5}}, {{B, 8}, {B, 7}, {B, 6}}};
^
main.c(46): warning: no previous prototype for function 'Find_Port' [-Wmissing-prototypes]
GPIO_TypeDef *Find_Port(int Port_no)
              ^
main.c(46): note: declare 'static' if the function is not intended to be used outside of this translation unit
GPIO_TypeDef *Find_Port(int Port_no)
^
static 
main.c(54): warning: non-void function does not return a value in all control paths [-Wreturn-type]
}
^
main.c(58): warning: implicit declaration of function 'rand' [-Wimplicit-function-declaration]
        return rand() % 3 + 1;
               ^
main.c(56): warning: no previous prototype for function 'trafficGenerator' [-Wmissing-prototypes]
int trafficGenerator(void)
    ^
main.c(56): note: declare 'static' if the function is not intended to be used outside of this translation unit
int trafficGenerator(void)
^
static 
main.c(62): warning: unused variable 'i' [-Wunused-variable]
                int i, j, k, x, y;
                    ^
main.c(60): warning: no previous prototype for function 'handle_lights' [-Wmissing-prototypes]
void handle_lights(lane a, lane b)
     ^
main.c(60): note: declare 'static' if the function is not intended to be used outside of this translation unit
void handle_lights(lane a, lane b)
^
static 
main.c(95): warning: // comments are not allowed in this language [-Wcomment]
                GPIO_WritePin(Find_Port(a.Green.Port), a.Green.Pin, GPIO_PIN_RESET); // start g1
                                                                                     ^
main.c(93): warning: unused variable 'j' [-Wunused-variable]
                int i, j, k, x, y;
                       ^
main.c(93): warning: unused variable 'k' [-Wunused-variable]
                int i, j, k, x, y;
                          ^
main.c(93): warning: unused variable 'x' [-Wunused-variable]
                int i, j, k, x, y;
                             ^
main.c(93): warning: unused variable 'y' [-Wunused-variable]
                int i, j, k, x, y;
                                ^
main.c(91): warning: no previous prototype for function 'handle_traffic' [-Wmissing-prototypes]
void handle_traffic(lane a, lane b)
     ^
main.c(91): note: declare 'static' if the function is not intended to be used outside of this translation unit
void handle_traffic(lane a, lane b)
^
static 
main.c(119): warning: a function declaration without a prototype is deprecated in all versions of C [-Wstrict-prototypes]
void init_pins()
              ^
               void
main.c(119): warning: no previous prototype for function 'init_pins' [-Wmissing-prototypes]
void init_pins()
     ^
main.c(119): note: declare 'static' if the function is not intended to be used outside of this translation unit
void init_pins()
^
static 
main.c(165): warning: declaration shadows a variable in the global scope [-Wshadow]
        traffic mode = normal;
                ^
main.c(24): note: previous declaration is here
traffic mode;
        ^
main.c(165): warning: mixing declarations and code is a C99 extension [-Wdeclaration-after-statement]
        traffic mode = normal;
                ^
main.c(165): warning: unused variable 'mode' [-Wunused-variable]
main.c(24): warning: no previous extern declaration for non-static variable 'mode' [-Wmissing-variable-declarations]
traffic mode;
        ^
main.c(24): note: declare 'static' if the variable is not intended to be used outside of this translation unit
traffic mode;
^
main.c(44): warning: no previous extern declaration for non-static variable 'Vertical' [-Wmissing-variable-declarations]
lane Vertical, Horizontal;
     ^
main.c(44): note: declare 'static' if the variable is not intended to be used outside of this translation unit
lane Vertical, Horizontal;
^
main.c(44): warning: no previous extern declaration for non-static variable 'Horizontal' [-Wmissing-variable-declarations]
lane Vertical, Horizontal;
               ^
main.c(44): note: declare 'static' if the variable is not intended to be used outside of this translation unit
lane Vertical, Horizontal;
^
27 warnings generated.
compiling main.c...
linking...
Program Size: Code=2900 RO-data=484 RW-data=12 ZI-data=2024  
".\Objects\Traffic Simulation.axf" - 0 Error(s), 27 Warning(s).

<h2>Software Packages used:</h2>

Package Vendor: ARM
                http://www.keil.com/pack/ARM.CMSIS.5.9.0.pack
                ARM.CMSIS.5.9.0
                CMSIS (Common Microcontroller Software Interface Standard)
   * Component: CORE Version: 5.6.0

Package Vendor: Keil
                https://www.keil.com/pack/Keil.STM32F4xx_DFP.2.17.0.pack
                Keil.STM32F4xx_DFP.2.17.0
                STMicroelectronics STM32F4 Series Device Support, Drivers and Examples
   * Component: Startup Version: 2.6.3

<h2>Collection of Component include folders:</h2>
  ./RTE/_Target_1
  C:/Users/Asus/AppData/Local/Arm/Packs/ARM/CMSIS/5.9.0/CMSIS/Core/Include
  C:/Users/Asus/AppData/Local/Arm/Packs/Keil/STM32F4xx_DFP/2.17.0/Drivers/CMSIS/Device/ST/STM32F4xx/Include

<h2>Collection of Component Files used:</h2>

   * Component: ARM::CMSIS:CORE:5.6.0

   * Component: Keil::Device:Startup:2.6.3
      Source file:   Drivers/CMSIS/Device/ST/STM32F4xx/Source/Templates/arm/startup_stm32f446xx.s
      Source file:   MDK/Device/Source/ARM/STM32F446xx_OPT.s
      Include file:  Drivers/CMSIS/Device/ST/STM32F4xx/Include/stm32f4xx.h
      Source file:   MDK/Device/Source/ARM/STM32F4xx_OTP.s
      Source file:   Drivers/CMSIS/Device/ST/STM32F4xx/Source/Templates/system_stm32f4xx.c
Build Time Elapsed:  00:00:06
</pre>
</body>
</html>
